// Jest Snapshot v1, https://goo.gl/fbAQLP

exports[`snapshot 1`] = `
<View
  style={
    Object {
      "backgroundColor": "white",
      "flex": 1,
      "paddingHorizontal": 16,
    }
  }
>
  <View
    style={
      Object {
        "marginTop": "20%",
      }
    }
  >
    <Text
      style={
        Object {
          "fontSize": 30,
          "fontWeight": "bold",
        }
      }
    >
      News
    </Text>
  </View>
  <View>
    <ActivityIndicator
      size="large"
    />
  </View>
</View>
`;
