// Jest Snapshot v1, https://goo.gl/fbAQLP

exports[`snapshot 1`] = `
Array [
  <View
    animated={true}
    animationConfig={
      Object {
        "bounciness": 0,
      }
    }
    animationType="spring"
    indeterminate={false}
    indeterminateAnimationDuration={1000}
    onLayout={[Function]}
    progress={0}
    style={
      Array [
        Object {
          "backgroundColor": undefined,
          "borderColor": "coral",
          "borderRadius": 0,
          "borderWidth": 0,
          "overflow": "hidden",
          "width": null,
        },
        undefined,
      ]
    }
    useNativeDriver={false}
  >
    <View
      collapsable={false}
      style={
        Object {
          "backgroundColor": "coral",
          "height": 6,
          "transform": Array [
            Object {
              "translateX": -0,
            },
            Object {
              "translateX": -0,
            },
            Object {
              "scaleX": 0.0001,
            },
          ],
        }
      }
    />
  </View>,
  <View
    style={
      Array [
        Object {
          "flex": 1,
          "overflow": "hidden",
        },
        undefined,
      ]
    }
  >
    <RNCWebView
      cacheEnabled={true}
      injectedJavaScriptBeforeContentLoadedForMainFrameOnly={true}
      injectedJavaScriptForMainFrameOnly={true}
      javaScriptEnabled={true}
      messagingEnabled={false}
      onContentProcessDidTerminate={[Function]}
      onError={[Function]}
      onHttpError={[Function]}
      onLoadEnd={[Function]}
      onLoadProgress={[Function]}
      onLoadingError={[Function]}
      onLoadingFinish={[Function]}
      onLoadingProgress={[Function]}
      onLoadingStart={[Function]}
      onMessage={[Function]}
      onShouldStartLoadWithRequest={[Function]}
      source={
        Object {
          "uri": "whatever-id",
        }
      }
      style={
        Array [
          Object {
            "flex": 1,
            "overflow": "hidden",
          },
          Object {
            "backgroundColor": "#ffffff",
          },
          undefined,
        ]
      }
      textInteractionEnabled={true}
      useSharedProcessPool={true}
    />
  </View>,
]
`;
