// Jest Snapshot v1, https://goo.gl/fbAQLP

exports[`snapshot 1`] = `
<View
  style={
    Array [
      Object {
        "alignItems": "center",
        "backgroundColor": "white",
        "flex": 1,
        "justifyContent": "center",
      },
      Object {
        "backgroundColor": Object {
          "background": "rgb(242, 242, 242)",
          "border": "rgb(216, 216, 216)",
          "card": "rgb(255, 255, 255)",
          "notification": "rgb(255, 59, 48)",
          "primary": "rgb(0, 122, 255)",
          "text": "rgb(28, 28, 30)",
        },
      },
    ]
  }
>
  <View
    style={
      Array [
        Object {
          "alignItems": "center",
          "backgroundColor": "#f6fae6",
          "borderRadius": 15,
          "elevation": 14,
          "height": 180,
          "justifyContent": "center",
          "padding": 16,
          "shadowColor": "#7a72d0",
          "shadowOffset": Object {
            "height": 2,
            "width": 0,
          },
          "shadowOpacity": 0.51,
          "shadowRadius": 4.11,
        },
        Object {
          "backgroundColor": undefined,
          "shadowColor": undefined,
        },
      ]
    }
  >
    <Text
      style={
        Array [
          Object {
            "fontSize": 25,
            "fontWeight": "500",
            "marginBottom": 15,
          },
          Object {
            "color": "rgb(28, 28, 30)",
          },
        ]
      }
    >
      Dark Mode
    </Text>
    <RCTSwitch
      accessibilityRole="switch"
      onChange={[Function]}
      onResponderTerminationRequest={[Function]}
      onStartShouldSetResponder={[Function]}
      style={
        Object {
          "height": 31,
          "width": 51,
        }
      }
      value={false}
    />
  </View>
</View>
`;
